  Determining projects to restore...
F:\DEV\besa\Transfarr\Transfarr.Signaling\Transfarr.Signaling.csproj : warning NU1510: PackageReference Microsoft.AspNetCore.SignalR will not be pruned. Consider removing this package from your dependencies, as it is likely unnecessary. [F:\DEV\besa\Transfarr\Transfarr.slnx]
  All projects are up-to-date for restore.
F:\DEV\besa\Transfarr\Transfarr.Signaling\Transfarr.Signaling.csproj : warning NU1510: PackageReference Microsoft.AspNetCore.SignalR will not be pruned. Consider removing this package from your dependencies, as it is likely unnecessary.
  Transfarr.Shared -> F:\DEV\besa\Transfarr\Transfarr.Shared\bin\Debug\net10.0\Transfarr.Shared.dll
F:\DEV\besa\Transfarr\Transfarr.Signaling\Hubs\SignalingHub.cs(67,72): error CS0246: The type or namespace name 'SearchResult' could not be found (are you missing a using directive or an assembly reference?) [F:\DEV\besa\Transfarr\Transfarr.Signaling\Transfarr.Signaling.csproj]
  Transfarr.Node -> F:\DEV\besa\Transfarr\Transfarr.Node\bin\Debug\net10.0\Transfarr.Node.dll
F:\DEV\besa\Transfarr\Transfarr.Client.Core\Components\Chat.razor(37,22): error CS0246: The type or namespace name 'WebRTCService' could not be found (are you missing a using directive or an assembly reference?) [F:\DEV\besa\Transfarr\Transfarr.Client.Core\Transfarr.Client.Core.csproj]
F:\DEV\besa\Transfarr\Transfarr.Client.Core\Components\Chat.razor(35,13): error CS0246: The type or namespace name 'WebRTCService' could not be found (are you missing a using directive or an assembly reference?) [F:\DEV\besa\Transfarr\Transfarr.Client.Core\Transfarr.Client.Core.csproj]

Build FAILED.

F:\DEV\besa\Transfarr\Transfarr.Signaling\Transfarr.Signaling.csproj : warning NU1510: PackageReference Microsoft.AspNetCore.SignalR will not be pruned. Consider removing this package from your dependencies, as it is likely unnecessary. [F:\DEV\besa\Transfarr\Transfarr.slnx]
F:\DEV\besa\Transfarr\Transfarr.Signaling\Transfarr.Signaling.csproj : warning NU1510: PackageReference Microsoft.AspNetCore.SignalR will not be pruned. Consider removing this package from your dependencies, as it is likely unnecessary.
F:\DEV\besa\Transfarr\Transfarr.Signaling\Hubs\SignalingHub.cs(67,72): error CS0246: The type or namespace name 'SearchResult' could not be found (are you missing a using directive or an assembly reference?) [F:\DEV\besa\Transfarr\Transfarr.Signaling\Transfarr.Signaling.csproj]
F:\DEV\besa\Transfarr\Transfarr.Client.Core\Components\Chat.razor(37,22): error CS0246: The type or namespace name 'WebRTCService' could not be found (are you missing a using directive or an assembly reference?) [F:\DEV\besa\Transfarr\Transfarr.Client.Core\Transfarr.Client.Core.csproj]
F:\DEV\besa\Transfarr\Transfarr.Client.Core\Components\Chat.razor(35,13): error CS0246: The type or namespace name 'WebRTCService' could not be found (are you missing a using directive or an assembly reference?) [F:\DEV\besa\Transfarr\Transfarr.Client.Core\Transfarr.Client.Core.csproj]
    2 Warning(s)
    3 Error(s)

Time Elapsed 00:00:02.16
